
> backend@1.0.0 start
> node index.js

✅ Kompas EXIM Backend (SQLite) berjalan di http://localhost:3001
[0mPOST /api/v1/login [32m200[0m 25.920 ms - 830[0m
[0mPOST /api/v1/login [32m200[0m 2.124 ms - 847[0m
{"level":"INFO","timestamp":"2026-08-13T08:00:42.674Z","module":"APP","event":"REQUEST_STARTED","correlationId":"8639ae04-a8b6-4b31-8673-19920bcf96ef","requestId":"8639ae04-a8b6-4b31-8673-19920bcf96ef","transactionId":null,"userId":null,"method":"GET","url":"/api/v1/control-tower/analytics"}
{"level":"INFO","timestamp":"2026-08-13T08:00:42.675Z","module":"APP","event":"AUTHENTICATION_SUCCESS","correlationId":"8639ae04-a8b6-4b31-8673-19920bcf96ef","requestId":"8639ae04-a8b6-4b31-8673-19920bcf96ef","transactionId":null,"userId":"SPV-IMP-01","role":"Supervisor","method":"GET","url":"/api/v1/control-tower/analytics"}
[0mGET /api/v1/control-tower/analytics [32m200[0m 10.324 ms - 715[0m
{"level":"INFO","timestamp":"2026-08-13T08:00:42.709Z","module":"APP","event":"REQUEST_STARTED","correlationId":"9161f34f-024a-4f93-baaa-8ddbea25a203","requestId":"9161f34f-024a-4f93-baaa-8ddbea25a203","transactionId":null,"userId":null,"method":"GET","url":"/api/v1/job-orders/summary"}
{"level":"INFO","timestamp":"2026-08-13T08:00:42.711Z","module":"APP","event":"AUTHENTICATION_SUCCESS","correlationId":"9161f34f-024a-4f93-baaa-8ddbea25a203","requestId":"9161f34f-024a-4f93-baaa-8ddbea25a203","transactionId":null,"userId":"EXIM-IMP-05","role":"Staff Dept","method":"GET","url":"/api/v1/job-orders/summary"}
[0mGET /api/v1/job-orders/summary [32m200[0m 5.317 ms - 141[0m
{"level":"INFO","timestamp":"2026-08-13T08:00:42.732Z","module":"APP","event":"REQUEST_STARTED","correlationId":"2c393b08-29ee-432d-b674-f30776c2765e","requestId":"2c393b08-29ee-432d-b674-f30776c2765e","transactionId":null,"userId":null,"method":"GET","url":"/api/v1/master-kategori-biaya-manual"}
{"level":"INFO","timestamp":"2026-08-13T08:00:42.732Z","module":"APP","event":"AUTHENTICATION_SUCCESS","correlationId":"2c393b08-29ee-432d-b674-f30776c2765e","requestId":"2c393b08-29ee-432d-b674-f30776c2765e","transactionId":null,"userId":"EXIM-IMP-05","role":"Staff Dept","method":"GET","url":"/api/v1/master-kategori-biaya-manual"}
[0mGET /api/v1/master-kategori-biaya-manual [32m200[0m 2.722 ms - 2367[0m
{"level":"INFO","timestamp":"2026-08-13T08:23:54.939Z","module":"APP","event":"REQUEST_STARTED","correlationId":"192f7ab4-a1e7-4d6d-9602-f85f56262f0e","requestId":"192f7ab4-a1e7-4d6d-9602-f85f56262f0e","transactionId":null,"userId":null,"method":"GET","url":"/api/control-tower/analytics"}
{"level":"INFO","timestamp":"2026-08-13T08:23:54.953Z","module":"APP","event":"AUTHENTICATION_SUCCESS","correlationId":"192f7ab4-a1e7-4d6d-9602-f85f56262f0e","requestId":"192f7ab4-a1e7-4d6d-9602-f85f56262f0e","transactionId":null,"userId":"SPV-IMP-01","role":"Supervisor","method":"GET","url":"/api/control-tower/analytics"}
[0mGET /api/control-tower/analytics [32m200[0m 36.282 ms - 715[0m
{"level":"INFO","timestamp":"2026-08-13T08:23:54.986Z","module":"APP","event":"REQUEST_STARTED","correlationId":"05011faa-18ce-4766-b5c3-fd16bdfa2a42","requestId":"05011faa-18ce-4766-b5c3-fd16bdfa2a42","transactionId":null,"userId":null,"method":"GET","url":"/api/control-tower/analytics"}
{"level":"INFO","timestamp":"2026-08-13T08:23:54.995Z","module":"APP","event":"AUTHENTICATION_SUCCESS","correlationId":"05011faa-18ce-4766-b5c3-fd16bdfa2a42","requestId":"05011faa-18ce-4766-b5c3-fd16bdfa2a42","transactionId":null,"userId":"SPV-IMP-01","role":"Supervisor","method":"GET","url":"/api/control-tower/analytics"}
[0mGET /api/control-tower/analytics [36m304[0m 16.274 ms - -[0m
{"level":"INFO","timestamp":"2026-08-13T08:25:37.422Z","module":"APP","event":"REQUEST_STARTED","correlationId":"2cdf56ab-7d5b-4c4f-bde7-37f01ea63a07","requestId":"2cdf56ab-7d5b-4c4f-bde7-37f01ea63a07","transactionId":null,"userId":null,"method":"GET","url":"/api/users/all"}
{"level":"INFO","timestamp":"2026-08-13T08:25:37.430Z","module":"APP","event":"AUTHENTICATION_SUCCESS","correlationId":"2cdf56ab-7d5b-4c4f-bde7-37f01ea63a07","requestId":"2cdf56ab-7d5b-4c4f-bde7-37f01ea63a07","transactionId":null,"userId":"SPV-IMP-01","role":"Supervisor","method":"GET","url":"/api/users/all"}
{"level":"WARN","timestamp":"2026-08-13T08:25:37.441Z","module":"APP","event":"AUTHORIZATION_FAILED","correlationId":"2cdf56ab-7d5b-4c4f-bde7-37f01ea63a07","requestId":"2cdf56ab-7d5b-4c4f-bde7-37f01ea63a07","transactionId":null,"userId":"SPV-IMP-01","reason":"Role mismatch","role":"Supervisor","allowedRoles":["Manager","System Admin"]}
{"level":"WARN","timestamp":"2026-08-13T08:25:37.456Z","module":"APP","event":"API_ERROR_HANDLED","correlationId":"2cdf56ab-7d5b-4c4f-bde7-37f01ea63a07","transactionId":null,"userId":"SPV-IMP-01","status":403,"type":"AUTH_002","message":"Akses ditolak. Dibutuhkan peran: Manager, System Admin","url":"/api/users/all"}
[UNKNOWN] Error: AuthorizationError: Akses ditolak. Dibutuhkan peran: Manager, System Admin
    at /Users/macbookair/Downloads/KOMPAS EXIM/backend/src/middleware/auth.js:39:19
    at Layer.handleRequest (/Users/macbookair/Downloads/KOMPAS EXIM/backend/node_modules/router/lib/layer.js:152:17)
    at next (/Users/macbookair/Downloads/KOMPAS EXIM/backend/node_modules/router/lib/route.js:157:13)
    at /Users/macbookair/Downloads/KOMPAS EXIM/backend/src/middleware/auth.js:27:5
    at /Users/macbookair/Downloads/KOMPAS EXIM/backend/node_modules/jsonwebtoken/verify.js:261:12
    at getSecret (/Users/macbookair/Downloads/KOMPAS EXIM/backend/node_modules/jsonwebtoken/verify.js:97:14)
    at module.exports [as verify] (/Users/macbookair/Downloads/KOMPAS EXIM/backend/node_modules/jsonwebtoken/verify.js:101:10)
    at authenticateToken (/Users/macbookair/Downloads/KOMPAS EXIM/backend/src/middleware/auth.js:18:7)
    at Layer.handleRequest (/Users/macbookair/Downloads/KOMPAS EXIM/backend/node_modules/router/lib/layer.js:152:17)
    at next (/Users/macbookair/Downloads/KOMPAS EXIM/backend/node_modules/router/lib/route.js:157:13) {
  statusCode: 403,
  errorCode: 'AUTH_002',
  details: null
}
[0mGET /api/users/all [33m403[0m 55.832 ms - 66[0m
{"level":"INFO","timestamp":"2026-08-13T08:25:37.488Z","module":"APP","event":"REQUEST_STARTED","correlationId":"edc8abab-7816-493e-b078-28085ed4062d","requestId":"edc8abab-7816-493e-b078-28085ed4062d","transactionId":null,"userId":null,"method":"GET","url":"/api/users/all"}
{"level":"INFO","timestamp":"2026-08-13T08:25:37.490Z","module":"APP","event":"AUTHENTICATION_SUCCESS","correlationId":"edc8abab-7816-493e-b078-28085ed4062d","requestId":"edc8abab-7816-493e-b078-28085ed4062d","transactionId":null,"userId":"SPV-IMP-01","role":"Supervisor","method":"GET","url":"/api/users/all"}
{"level":"WARN","timestamp":"2026-08-13T08:25:37.490Z","module":"APP","event":"AUTHORIZATION_FAILED","correlationId":"edc8abab-7816-493e-b078-28085ed4062d","requestId":"edc8abab-7816-493e-b078-28085ed4062d","transactionId":null,"userId":"SPV-IMP-01","reason":"Role mismatch","role":"Supervisor","allowedRoles":["Manager","System Admin"]}
{"level":"WARN","timestamp":"2026-08-13T08:25:37.491Z","module":"APP","event":"API_ERROR_HANDLED","correlationId":"edc8abab-7816-493e-b078-28085ed4062d","transactionId":null,"userId":"SPV-IMP-01","status":403,"type":"AUTH_002","message":"Akses ditolak. Dibutuhkan peran: Manager, System Admin","url":"/api/users/all"}
[UNKNOWN] Error: AuthorizationError: Akses ditolak. Dibutuhkan peran: Manager, System Admin
    at /Users/macbookair/Downloads/KOMPAS EXIM/backend/src/middleware/auth.js:39:19
    at Layer.handleRequest (/Users/macbookair/Downloads/KOMPAS EXIM/backend/node_modules/router/lib/layer.js:152:17)
    at next (/Users/macbookair/Downloads/KOMPAS EXIM/backend/node_modules/router/lib/route.js:157:13)
    at /Users/macbookair/Downloads/KOMPAS EXIM/backend/src/middleware/auth.js:27:5
    at /Users/macbookair/Downloads/KOMPAS EXIM/backend/node_modules/jsonwebtoken/verify.js:261:12
    at getSecret (/Users/macbookair/Downloads/KOMPAS EXIM/backend/node_modules/jsonwebtoken/verify.js:97:14)
    at module.exports [as verify] (/Users/macbookair/Downloads/KOMPAS EXIM/backend/node_modules/jsonwebtoken/verify.js:101:10)
    at authenticateToken (/Users/macbookair/Downloads/KOMPAS EXIM/backend/src/middleware/auth.js:18:7)
    at Layer.handleRequest (/Users/macbookair/Downloads/KOMPAS EXIM/backend/node_modules/router/lib/layer.js:152:17)
    at next (/Users/macbookair/Downloads/KOMPAS EXIM/backend/node_modules/router/lib/route.js:157:13) {
  statusCode: 403,
  errorCode: 'AUTH_002',
  details: null
}
[0mGET /api/users/all [33m403[0m 6.353 ms - 66[0m
{"level":"INFO","timestamp":"2026-08-13T08:25:37.695Z","module":"APP","event":"REQUEST_STARTED","correlationId":"783947d8-3a86-4a41-a660-551aaee32f61","requestId":"783947d8-3a86-4a41-a660-551aaee32f61","transactionId":null,"userId":null,"method":"GET","url":"/api/users/all"}
{"level":"INFO","timestamp":"2026-08-13T08:25:37.696Z","module":"APP","event":"AUTHENTICATION_SUCCESS","correlationId":"783947d8-3a86-4a41-a660-551aaee32f61","requestId":"783947d8-3a86-4a41-a660-551aaee32f61","transactionId":null,"userId":"SPV-IMP-01","role":"Supervisor","method":"GET","url":"/api/users/all"}
{"level":"WARN","timestamp":"2026-08-13T08:25:37.696Z","module":"APP","event":"AUTHORIZATION_FAILED","correlationId":"783947d8-3a86-4a41-a660-551aaee32f61","requestId":"783947d8-3a86-4a41-a660-551aaee32f61","transactionId":null,"userId":"SPV-IMP-01","reason":"Role mismatch","role":"Supervisor","allowedRoles":["Manager","System Admin"]}
{"level":"WARN","timestamp":"2026-08-13T08:25:37.696Z","module":"APP","event":"API_ERROR_HANDLED","correlationId":"783947d8-3a86-4a41-a660-551aaee32f61","transactionId":null,"userId":"SPV-IMP-01","status":403,"type":"AUTH_002","message":"Akses ditolak. Dibutuhkan peran: Manager, System Admin","url":"/api/users/all"}
[UNKNOWN] Error: AuthorizationError: Akses ditolak. Dibutuhkan peran: Manager, System Admin
    at /Users/macbookair/Downloads/KOMPAS EXIM/backend/src/middleware/auth.js:39:19
    at Layer.handleRequest (/Users/macbookair/Downloads/KOMPAS EXIM/backend/node_modules/router/lib/layer.js:152:17)
    at next (/Users/macbookair/Downloads/KOMPAS EXIM/backend/node_modules/router/lib/route.js:157:13)
    at /Users/macbookair/Downloads/KOMPAS EXIM/backend/src/middleware/auth.js:27:5
    at /Users/macbookair/Downloads/KOMPAS EXIM/backend/node_modules/jsonwebtoken/verify.js:261:12
    at getSecret (/Users/macbookair/Downloads/KOMPAS EXIM/backend/node_modules/jsonwebtoken/verify.js:97:14)
    at module.exports [as verify] (/Users/macbookair/Downloads/KOMPAS EXIM/backend/node_modules/jsonwebtoken/verify.js:101:10)
    at authenticateToken (/Users/macbookair/Downloads/KOMPAS EXIM/backend/src/middleware/auth.js:18:7)
    at Layer.handleRequest (/Users/macbookair/Downloads/KOMPAS EXIM/backend/node_modules/router/lib/layer.js:152:17)
    at next (/Users/macbookair/Downloads/KOMPAS EXIM/backend/node_modules/router/lib/route.js:157:13) {
  statusCode: 403,
  errorCode: 'AUTH_002',
  details: null
}
[0mGET /api/users/all [33m403[0m 4.650 ms - 66[0m
{"level":"INFO","timestamp":"2026-08-13T08:25:37.701Z","module":"APP","event":"REQUEST_STARTED","correlationId":"23f6614b-b203-4fd6-8db4-50f7020729b6","requestId":"23f6614b-b203-4fd6-8db4-50f7020729b6","transactionId":null,"userId":null,"method":"GET","url":"/api/control-tower/analytics"}
{"level":"INFO","timestamp":"2026-08-13T08:25:37.702Z","module":"APP","event":"AUTHENTICATION_SUCCESS","correlationId":"23f6614b-b203-4fd6-8db4-50f7020729b6","requestId":"23f6614b-b203-4fd6-8db4-50f7020729b6","transactionId":null,"userId":"SPV-IMP-01","role":"Supervisor","method":"GET","url":"/api/control-tower/analytics"}
[0mGET /api/control-tower/analytics [36m304[0m 5.836 ms - -[0m
{"level":"INFO","timestamp":"2026-08-13T08:25:37.710Z","module":"APP","event":"REQUEST_STARTED","correlationId":"b60e2aeb-ba96-4588-b0a3-e97b6a3637f4","requestId":"b60e2aeb-ba96-4588-b0a3-e97b6a3637f4","transactionId":null,"userId":null,"method":"GET","url":"/api/documents"}
{"level":"INFO","timestamp":"2026-08-13T08:25:37.711Z","module":"APP","event":"AUTHENTICATION_SUCCESS","correlationId":"b60e2aeb-ba96-4588-b0a3-e97b6a3637f4","requestId":"b60e2aeb-ba96-4588-b0a3-e97b6a3637f4","transactionId":null,"userId":"SPV-IMP-01","role":"Supervisor","method":"GET","url":"/api/documents"}
{"level":"INFO","timestamp":"2026-08-13T08:25:37.714Z","module":"APP","event":"DEPARTMENT_AUTHORIZATION_APPLIED","correlationId":"b60e2aeb-ba96-4588-b0a3-e97b6a3637f4","requestId":"b60e2aeb-ba96-4588-b0a3-e97b6a3637f4","transactionId":null,"userId":"SPV-IMP-01","scopedDepartment":"Import"}
[0mGET /api/documents [36m304[0m 8.974 ms - -[0m
{"level":"INFO","timestamp":"2026-08-13T08:25:37.720Z","module":"APP","event":"REQUEST_STARTED","correlationId":"17abae1c-b713-4db8-9f51-3f0d40ba6d80","requestId":"17abae1c-b713-4db8-9f51-3f0d40ba6d80","transactionId":null,"userId":null,"method":"GET","url":"/api/tasks?level_otoritas=Supervisor&departemen=Import&userId=2"}
{"level":"INFO","timestamp":"2026-08-13T08:25:37.722Z","module":"APP","event":"AUTHENTICATION_SUCCESS","correlationId":"17abae1c-b713-4db8-9f51-3f0d40ba6d80","requestId":"17abae1c-b713-4db8-9f51-3f0d40ba6d80","transactionId":null,"userId":"SPV-IMP-01","role":"Supervisor","method":"GET","url":"/api/tasks?level_otoritas=Supervisor&departemen=Import&userId=2"}
{"level":"INFO","timestamp":"2026-08-13T08:25:37.724Z","module":"APP","event":"DEPARTMENT_AUTHORIZATION_APPLIED","correlationId":"17abae1c-b713-4db8-9f51-3f0d40ba6d80","requestId":"17abae1c-b713-4db8-9f51-3f0d40ba6d80","transactionId":null,"userId":"SPV-IMP-01","scopedDepartment":"Import"}
[0mGET /api/tasks?level_otoritas=Supervisor&departemen=Import&userId=2 [36m304[0m 23.242 ms - -[0m
{"level":"INFO","timestamp":"2026-08-13T08:25:37.750Z","module":"APP","event":"REQUEST_STARTED","correlationId":"e08813ef-c54c-48aa-96c0-7946f0e02de3","requestId":"e08813ef-c54c-48aa-96c0-7946f0e02de3","transactionId":null,"userId":null,"method":"GET","url":"/api/users/all"}
{"level":"INFO","timestamp":"2026-08-13T08:25:37.752Z","module":"APP","event":"AUTHENTICATION_SUCCESS","correlationId":"e08813ef-c54c-48aa-96c0-7946f0e02de3","requestId":"e08813ef-c54c-48aa-96c0-7946f0e02de3","transactionId":null,"userId":"SPV-IMP-01","role":"Supervisor","method":"GET","url":"/api/users/all"}
{"level":"WARN","timestamp":"2026-08-13T08:25:37.752Z","module":"APP","event":"AUTHORIZATION_FAILED","correlationId":"e08813ef-c54c-48aa-96c0-7946f0e02de3","requestId":"e08813ef-c54c-48aa-96c0-7946f0e02de3","transactionId":null,"userId":"SPV-IMP-01","reason":"Role mismatch","role":"Supervisor","allowedRoles":["Manager","System Admin"]}
{"level":"WARN","timestamp":"2026-08-13T08:25:37.753Z","module":"APP","event":"API_ERROR_HANDLED","correlationId":"e08813ef-c54c-48aa-96c0-7946f0e02de3","transactionId":null,"userId":"SPV-IMP-01","status":403,"type":"AUTH_002","message":"Akses ditolak. Dibutuhkan peran: Manager, System Admin","url":"/api/users/all"}
[UNKNOWN] Error: AuthorizationError: Akses ditolak. Dibutuhkan peran: Manager, System Admin
    at /Users/macbookair/Downloads/KOMPAS EXIM/backend/src/middleware/auth.js:39:19
    at Layer.handleRequest (/Users/macbookair/Downloads/KOMPAS EXIM/backend/node_modules/router/lib/layer.js:152:17)
    at next (/Users/macbookair/Downloads/KOMPAS EXIM/backend/node_modules/router/lib/route.js:157:13)
    at /Users/macbookair/Downloads/KOMPAS EXIM/backend/src/middleware/auth.js:27:5
    at /Users/macbookair/Downloads/KOMPAS EXIM/backend/node_modules/jsonwebtoken/verify.js:261:12
    at getSecret (/Users/macbookair/Downloads/KOMPAS EXIM/backend/node_modules/jsonwebtoken/verify.js:97:14)
    at module.exports [as verify] (/Users/macbookair/Downloads/KOMPAS EXIM/backend/node_modules/jsonwebtoken/verify.js:101:10)
    at authenticateToken (/Users/macbookair/Downloads/KOMPAS EXIM/backend/src/middleware/auth.js:18:7)
    at Layer.handleRequest (/Users/macbookair/Downloads/KOMPAS EXIM/backend/node_modules/router/lib/layer.js:152:17)
    at next (/Users/macbookair/Downloads/KOMPAS EXIM/backend/node_modules/router/lib/route.js:157:13) {
  statusCode: 403,
  errorCode: 'AUTH_002',
  details: null
}
[0mGET /api/users/all [33m403[0m 3.744 ms - 66[0m
{"level":"INFO","timestamp":"2026-08-13T08:25:37.758Z","module":"APP","event":"REQUEST_STARTED","correlationId":"3f46b860-9af5-4721-aa8e-a9faa314ab93","requestId":"3f46b860-9af5-4721-aa8e-a9faa314ab93","transactionId":null,"userId":null,"method":"GET","url":"/api/control-tower/analytics"}
{"level":"INFO","timestamp":"2026-08-13T08:25:37.759Z","module":"APP","event":"AUTHENTICATION_SUCCESS","correlationId":"3f46b860-9af5-4721-aa8e-a9faa314ab93","requestId":"3f46b860-9af5-4721-aa8e-a9faa314ab93","transactionId":null,"userId":"SPV-IMP-01","role":"Supervisor","method":"GET","url":"/api/control-tower/analytics"}
[0mGET /api/control-tower/analytics [36m304[0m 2.241 ms - -[0m
{"level":"INFO","timestamp":"2026-08-13T08:25:37.763Z","module":"APP","event":"REQUEST_STARTED","correlationId":"7a7169c9-7b18-47de-9cb5-3dd5f0f971d2","requestId":"7a7169c9-7b18-47de-9cb5-3dd5f0f971d2","transactionId":null,"userId":null,"method":"GET","url":"/api/documents"}
{"level":"INFO","timestamp":"2026-08-13T08:25:37.764Z","module":"APP","event":"AUTHENTICATION_SUCCESS","correlationId":"7a7169c9-7b18-47de-9cb5-3dd5f0f971d2","requestId":"7a7169c9-7b18-47de-9cb5-3dd5f0f971d2","transactionId":null,"userId":"SPV-IMP-01","role":"Supervisor","method":"GET","url":"/api/documents"}
{"level":"INFO","timestamp":"2026-08-13T08:25:37.764Z","module":"APP","event":"DEPARTMENT_AUTHORIZATION_APPLIED","correlationId":"7a7169c9-7b18-47de-9cb5-3dd5f0f971d2","requestId":"7a7169c9-7b18-47de-9cb5-3dd5f0f971d2","transactionId":null,"userId":"SPV-IMP-01","scopedDepartment":"Import"}
[0mGET /api/documents [36m304[0m 2.135 ms - -[0m
{"level":"INFO","timestamp":"2026-08-13T08:25:37.769Z","module":"APP","event":"REQUEST_STARTED","correlationId":"3f20a2e8-6a37-46a1-9a42-8ef233d50e89","requestId":"3f20a2e8-6a37-46a1-9a42-8ef233d50e89","transactionId":null,"userId":null,"method":"GET","url":"/api/tasks?level_otoritas=Supervisor&departemen=Import&userId=2"}
{"level":"INFO","timestamp":"2026-08-13T08:25:37.769Z","module":"APP","event":"AUTHENTICATION_SUCCESS","correlationId":"3f20a2e8-6a37-46a1-9a42-8ef233d50e89","requestId":"3f20a2e8-6a37-46a1-9a42-8ef233d50e89","transactionId":null,"userId":"SPV-IMP-01","role":"Supervisor","method":"GET","url":"/api/tasks?level_otoritas=Supervisor&departemen=Import&userId=2"}
{"level":"INFO","timestamp":"2026-08-13T08:25:37.769Z","module":"APP","event":"DEPARTMENT_AUTHORIZATION_APPLIED","correlationId":"3f20a2e8-6a37-46a1-9a42-8ef233d50e89","requestId":"3f20a2e8-6a37-46a1-9a42-8ef233d50e89","transactionId":null,"userId":"SPV-IMP-01","scopedDepartment":"Import"}
[0mGET /api/tasks?level_otoritas=Supervisor&departemen=Import&userId=2 [36m304[0m 5.103 ms - -[0m
{"level":"INFO","timestamp":"2026-08-13T08:25:39.896Z","module":"APP","event":"REQUEST_STARTED","correlationId":"5858781d-37a9-43d9-9421-ca9f3452f89f","requestId":"5858781d-37a9-43d9-9421-ca9f3452f89f","transactionId":null,"userId":null,"method":"GET","url":"/api/control-tower/analytics"}
{"level":"INFO","timestamp":"2026-08-13T08:25:39.896Z","module":"APP","event":"AUTHENTICATION_SUCCESS","correlationId":"5858781d-37a9-43d9-9421-ca9f3452f89f","requestId":"5858781d-37a9-43d9-9421-ca9f3452f89f","transactionId":null,"userId":"SPV-IMP-01","role":"Supervisor","method":"GET","url":"/api/control-tower/analytics"}
[0mGET /api/control-tower/analytics [36m304[0m 3.143 ms - -[0m
{"level":"INFO","timestamp":"2026-08-13T08:25:40.020Z","module":"APP","event":"REQUEST_STARTED","correlationId":"240841d0-2c81-4975-9e59-e9d863813b59","requestId":"240841d0-2c81-4975-9e59-e9d863813b59","transactionId":null,"userId":null,"method":"GET","url":"/api/control-tower/analytics"}
{"level":"INFO","timestamp":"2026-08-13T08:25:40.021Z","module":"APP","event":"AUTHENTICATION_SUCCESS","correlationId":"240841d0-2c81-4975-9e59-e9d863813b59","requestId":"240841d0-2c81-4975-9e59-e9d863813b59","transactionId":null,"userId":"SPV-IMP-01","role":"Supervisor","method":"GET","url":"/api/control-tower/analytics"}
[0mGET /api/control-tower/analytics [36m304[0m 3.187 ms - -[0m
{"level":"INFO","timestamp":"2026-08-13T08:25:40.897Z","module":"APP","event":"REQUEST_STARTED","correlationId":"67bc0a89-aca2-4c92-8446-672b62f7ed79","requestId":"67bc0a89-aca2-4c92-8446-672b62f7ed79","transactionId":null,"userId":null,"method":"GET","url":"/api/users/all"}
{"level":"INFO","timestamp":"2026-08-13T08:25:40.898Z","module":"APP","event":"AUTHENTICATION_SUCCESS","correlationId":"67bc0a89-aca2-4c92-8446-672b62f7ed79","requestId":"67bc0a89-aca2-4c92-8446-672b62f7ed79","transactionId":null,"userId":"SPV-IMP-01","role":"Supervisor","method":"GET","url":"/api/users/all"}
{"level":"WARN","timestamp":"2026-08-13T08:25:40.898Z","module":"APP","event":"AUTHORIZATION_FAILED","correlationId":"67bc0a89-aca2-4c92-8446-672b62f7ed79","requestId":"67bc0a89-aca2-4c92-8446-672b62f7ed79","transactionId":null,"userId":"SPV-IMP-01","reason":"Role mismatch","role":"Supervisor","allowedRoles":["Manager","System Admin"]}
{"level":"WARN","timestamp":"2026-08-13T08:25:40.899Z","module":"APP","event":"API_ERROR_HANDLED","correlationId":"67bc0a89-aca2-4c92-8446-672b62f7ed79","transactionId":null,"userId":"SPV-IMP-01","status":403,"type":"AUTH_002","message":"Akses ditolak. Dibutuhkan peran: Manager, System Admin","url":"/api/users/all"}
[UNKNOWN] Error: AuthorizationError: Akses ditolak. Dibutuhkan peran: Manager, System Admin
    at /Users/macbookair/Downloads/KOMPAS EXIM/backend/src/middleware/auth.js:39:19
    at Layer.handleRequest (/Users/macbookair/Downloads/KOMPAS EXIM/backend/node_modules/router/lib/layer.js:152:17)
    at next (/Users/macbookair/Downloads/KOMPAS EXIM/backend/node_modules/router/lib/route.js:157:13)
    at /Users/macbookair/Downloads/KOMPAS EXIM/backend/src/middleware/auth.js:27:5
    at /Users/macbookair/Downloads/KOMPAS EXIM/backend/node_modules/jsonwebtoken/verify.js:261:12
    at getSecret (/Users/macbookair/Downloads/KOMPAS EXIM/backend/node_modules/jsonwebtoken/verify.js:97:14)
    at module.exports [as verify] (/Users/macbookair/Downloads/KOMPAS EXIM/backend/node_modules/jsonwebtoken/verify.js:101:10)
    at authenticateToken (/Users/macbookair/Downloads/KOMPAS EXIM/backend/src/middleware/auth.js:18:7)
    at Layer.handleRequest (/Users/macbookair/Downloads/KOMPAS EXIM/backend/node_modules/router/lib/layer.js:152:17)
    at next (/Users/macbookair/Downloads/KOMPAS EXIM/backend/node_modules/router/lib/route.js:157:13) {
  statusCode: 403,
  errorCode: 'AUTH_002',
  details: null
}
[0mGET /api/users/all [33m403[0m 8.028 ms - 66[0m
{"level":"INFO","timestamp":"2026-08-13T08:25:40.919Z","module":"APP","event":"REQUEST_STARTED","correlationId":"bd50c465-a286-4c8d-a590-be0ed91c083f","requestId":"bd50c465-a286-4c8d-a590-be0ed91c083f","transactionId":null,"userId":null,"method":"GET","url":"/api/users/all"}
{"level":"INFO","timestamp":"2026-08-13T08:25:40.926Z","module":"APP","event":"AUTHENTICATION_SUCCESS","correlationId":"bd50c465-a286-4c8d-a590-be0ed91c083f","requestId":"bd50c465-a286-4c8d-a590-be0ed91c083f","transactionId":null,"userId":"SPV-IMP-01","role":"Supervisor","method":"GET","url":"/api/users/all"}
{"level":"WARN","timestamp":"2026-08-13T08:25:40.926Z","module":"APP","event":"AUTHORIZATION_FAILED","correlationId":"bd50c465-a286-4c8d-a590-be0ed91c083f","requestId":"bd50c465-a286-4c8d-a590-be0ed91c083f","transactionId":null,"userId":"SPV-IMP-01","reason":"Role mismatch","role":"Supervisor","allowedRoles":["Manager","System Admin"]}
{"level":"WARN","timestamp":"2026-08-13T08:25:40.927Z","module":"APP","event":"API_ERROR_HANDLED","correlationId":"bd50c465-a286-4c8d-a590-be0ed91c083f","transactionId":null,"userId":"SPV-IMP-01","status":403,"type":"AUTH_002","message":"Akses ditolak. Dibutuhkan peran: Manager, System Admin","url":"/api/users/all"}
[UNKNOWN] Error: AuthorizationError: Akses ditolak. Dibutuhkan peran: Manager, System Admin
    at /Users/macbookair/Downloads/KOMPAS EXIM/backend/src/middleware/auth.js:39:19
    at Layer.handleRequest (/Users/macbookair/Downloads/KOMPAS EXIM/backend/node_modules/router/lib/layer.js:152:17)
    at next (/Users/macbookair/Downloads/KOMPAS EXIM/backend/node_modules/router/lib/route.js:157:13)
    at /Users/macbookair/Downloads/KOMPAS EXIM/backend/src/middleware/auth.js:27:5
    at /Users/macbookair/Downloads/KOMPAS EXIM/backend/node_modules/jsonwebtoken/verify.js:261:12
    at getSecret (/Users/macbookair/Downloads/KOMPAS EXIM/backend/node_modules/jsonwebtoken/verify.js:97:14)
    at module.exports [as verify] (/Users/macbookair/Downloads/KOMPAS EXIM/backend/node_modules/jsonwebtoken/verify.js:101:10)
    at authenticateToken (/Users/macbookair/Downloads/KOMPAS EXIM/backend/src/middleware/auth.js:18:7)
    at Layer.handleRequest (/Users/macbookair/Downloads/KOMPAS EXIM/backend/node_modules/router/lib/layer.js:152:17)
    at next (/Users/macbookair/Downloads/KOMPAS EXIM/backend/node_modules/router/lib/route.js:157:13) {
  statusCode: 403,
  errorCode: 'AUTH_002',
  details: null
}
[0mGET /api/users/all [33m403[0m 9.253 ms - 66[0m
{"level":"INFO","timestamp":"2026-08-13T08:25:41.014Z","module":"APP","event":"REQUEST_STARTED","correlationId":"1eb695b7-14f0-4fb2-b60a-f1ba0cb812eb","requestId":"1eb695b7-14f0-4fb2-b60a-f1ba0cb812eb","transactionId":null,"userId":null,"method":"GET","url":"/api/control-tower/analytics"}
{"level":"INFO","timestamp":"2026-08-13T08:25:41.016Z","module":"APP","event":"AUTHENTICATION_SUCCESS","correlationId":"1eb695b7-14f0-4fb2-b60a-f1ba0cb812eb","requestId":"1eb695b7-14f0-4fb2-b60a-f1ba0cb812eb","transactionId":null,"userId":"SPV-IMP-01","role":"Supervisor","method":"GET","url":"/api/control-tower/analytics"}
[0mGET /api/control-tower/analytics [32m200[0m 5.107 ms - 715[0m
{"level":"INFO","timestamp":"2026-08-13T08:25:41.031Z","module":"APP","event":"REQUEST_STARTED","correlationId":"9c51bf12-3cfb-40da-beb3-2a96992f5fa1","requestId":"9c51bf12-3cfb-40da-beb3-2a96992f5fa1","transactionId":null,"userId":null,"method":"GET","url":"/api/users/all"}
{"level":"INFO","timestamp":"2026-08-13T08:25:41.034Z","module":"APP","event":"AUTHENTICATION_SUCCESS","correlationId":"9c51bf12-3cfb-40da-beb3-2a96992f5fa1","requestId":"9c51bf12-3cfb-40da-beb3-2a96992f5fa1","transactionId":null,"userId":"SPV-IMP-01","role":"Supervisor","method":"GET","url":"/api/users/all"}
{"level":"WARN","timestamp":"2026-08-13T08:25:41.035Z","module":"APP","event":"AUTHORIZATION_FAILED","correlationId":"9c51bf12-3cfb-40da-beb3-2a96992f5fa1","requestId":"9c51bf12-3cfb-40da-beb3-2a96992f5fa1","transactionId":null,"userId":"SPV-IMP-01","reason":"Role mismatch","role":"Supervisor","allowedRoles":["Manager","System Admin"]}
{"level":"WARN","timestamp":"2026-08-13T08:25:41.035Z","module":"APP","event":"API_ERROR_HANDLED","correlationId":"9c51bf12-3cfb-40da-beb3-2a96992f5fa1","transactionId":null,"userId":"SPV-IMP-01","status":403,"type":"AUTH_002","message":"Akses ditolak. Dibutuhkan peran: Manager, System Admin","url":"/api/users/all"}
[UNKNOWN] Error: AuthorizationError: Akses ditolak. Dibutuhkan peran: Manager, System Admin
    at /Users/macbookair/Downloads/KOMPAS EXIM/backend/src/middleware/auth.js:39:19
    at Layer.handleRequest (/Users/macbookair/Downloads/KOMPAS EXIM/backend/node_modules/router/lib/layer.js:152:17)
    at next (/Users/macbookair/Downloads/KOMPAS EXIM/backend/node_modules/router/lib/route.js:157:13)
    at /Users/macbookair/Downloads/KOMPAS EXIM/backend/src/middleware/auth.js:27:5
    at /Users/macbookair/Downloads/KOMPAS EXIM/backend/node_modules/jsonwebtoken/verify.js:261:12
    at getSecret (/Users/macbookair/Downloads/KOMPAS EXIM/backend/node_modules/jsonwebtoken/verify.js:97:14)
    at module.exports [as verify] (/Users/macbookair/Downloads/KOMPAS EXIM/backend/node_modules/jsonwebtoken/verify.js:101:10)
    at authenticateToken (/Users/macbookair/Downloads/KOMPAS EXIM/backend/src/middleware/auth.js:18:7)
    at Layer.handleRequest (/Users/macbookair/Downloads/KOMPAS EXIM/backend/node_modules/router/lib/layer.js:152:17)
    at next (/Users/macbookair/Downloads/KOMPAS EXIM/backend/node_modules/router/lib/route.js:157:13) {
  statusCode: 403,
  errorCode: 'AUTH_002',
  details: null
}
[0mGET /api/users/all [33m403[0m 5.028 ms - 66[0m
{"level":"INFO","timestamp":"2026-08-13T08:25:41.042Z","module":"APP","event":"REQUEST_STARTED","correlationId":"0e6091d1-4780-412c-8614-670f5508b3d7","requestId":"0e6091d1-4780-412c-8614-670f5508b3d7","transactionId":null,"userId":null,"method":"GET","url":"/api/tasks?level_otoritas=Supervisor&departemen=Import&userId=2"}
{"level":"INFO","timestamp":"2026-08-13T08:25:41.044Z","module":"APP","event":"AUTHENTICATION_SUCCESS","correlationId":"0e6091d1-4780-412c-8614-670f5508b3d7","requestId":"0e6091d1-4780-412c-8614-670f5508b3d7","transactionId":null,"userId":"SPV-IMP-01","role":"Supervisor","method":"GET","url":"/api/tasks?level_otoritas=Supervisor&departemen=Import&userId=2"}
{"level":"INFO","timestamp":"2026-08-13T08:25:41.044Z","module":"APP","event":"DEPARTMENT_AUTHORIZATION_APPLIED","correlationId":"0e6091d1-4780-412c-8614-670f5508b3d7","requestId":"0e6091d1-4780-412c-8614-670f5508b3d7","transactionId":null,"userId":"SPV-IMP-01","scopedDepartment":"Import"}
[0mGET /api/tasks?level_otoritas=Supervisor&departemen=Import&userId=2 [36m304[0m 3.299 ms - -[0m
{"level":"INFO","timestamp":"2026-08-13T08:25:41.048Z","module":"APP","event":"REQUEST_STARTED","correlationId":"8b590745-4722-45e3-939e-922c93d650f3","requestId":"8b590745-4722-45e3-939e-922c93d650f3","transactionId":null,"userId":null,"method":"GET","url":"/api/control-tower/analytics"}
{"level":"INFO","timestamp":"2026-08-13T08:25:41.049Z","module":"APP","event":"AUTHENTICATION_SUCCESS","correlationId":"8b590745-4722-45e3-939e-922c93d650f3","requestId":"8b590745-4722-45e3-939e-922c93d650f3","transactionId":null,"userId":"SPV-IMP-01","role":"Supervisor","method":"GET","url":"/api/control-tower/analytics"}
[0mGET /api/control-tower/analytics [36m304[0m 5.805 ms - -[0m
{"level":"INFO","timestamp":"2026-08-13T08:25:41.058Z","module":"APP","event":"REQUEST_STARTED","correlationId":"c6a8b6fd-c8ee-44b0-8958-eadceeda74ec","requestId":"c6a8b6fd-c8ee-44b0-8958-eadceeda74ec","transactionId":null,"userId":null,"method":"GET","url":"/api/documents"}
{"level":"INFO","timestamp":"2026-08-13T08:25:41.059Z","module":"APP","event":"AUTHENTICATION_SUCCESS","correlationId":"c6a8b6fd-c8ee-44b0-8958-eadceeda74ec","requestId":"c6a8b6fd-c8ee-44b0-8958-eadceeda74ec","transactionId":null,"userId":"SPV-IMP-01","role":"Supervisor","method":"GET","url":"/api/documents"}
{"level":"INFO","timestamp":"2026-08-13T08:25:41.059Z","module":"APP","event":"DEPARTMENT_AUTHORIZATION_APPLIED","correlationId":"c6a8b6fd-c8ee-44b0-8958-eadceeda74ec","requestId":"c6a8b6fd-c8ee-44b0-8958-eadceeda74ec","transactionId":null,"userId":"SPV-IMP-01","scopedDepartment":"Import"}
[0mGET /api/documents [36m304[0m 1.398 ms - -[0m
{"level":"INFO","timestamp":"2026-08-13T08:25:41.062Z","module":"APP","event":"REQUEST_STARTED","correlationId":"18a54ee3-c09a-40a0-a53b-0f6136737116","requestId":"18a54ee3-c09a-40a0-a53b-0f6136737116","transactionId":null,"userId":null,"method":"GET","url":"/api/users/all"}
{"level":"INFO","timestamp":"2026-08-13T08:25:41.064Z","module":"APP","event":"AUTHENTICATION_SUCCESS","correlationId":"18a54ee3-c09a-40a0-a53b-0f6136737116","requestId":"18a54ee3-c09a-40a0-a53b-0f6136737116","transactionId":null,"userId":"SPV-IMP-01","role":"Supervisor","method":"GET","url":"/api/users/all"}
{"level":"WARN","timestamp":"2026-08-13T08:25:41.065Z","module":"APP","event":"AUTHORIZATION_FAILED","correlationId":"18a54ee3-c09a-40a0-a53b-0f6136737116","requestId":"18a54ee3-c09a-40a0-a53b-0f6136737116","transactionId":null,"userId":"SPV-IMP-01","reason":"Role mismatch","role":"Supervisor","allowedRoles":["Manager","System Admin"]}
{"level":"WARN","timestamp":"2026-08-13T08:25:41.066Z","module":"APP","event":"API_ERROR_HANDLED","correlationId":"18a54ee3-c09a-40a0-a53b-0f6136737116","transactionId":null,"userId":"SPV-IMP-01","status":403,"type":"AUTH_002","message":"Akses ditolak. Dibutuhkan peran: Manager, System Admin","url":"/api/users/all"}
[UNKNOWN] Error: AuthorizationError: Akses ditolak. Dibutuhkan peran: Manager, System Admin
    at /Users/macbookair/Downloads/KOMPAS EXIM/backend/src/middleware/auth.js:39:19
    at Layer.handleRequest (/Users/macbookair/Downloads/KOMPAS EXIM/backend/node_modules/router/lib/layer.js:152:17)
    at next (/Users/macbookair/Downloads/KOMPAS EXIM/backend/node_modules/router/lib/route.js:157:13)
    at /Users/macbookair/Downloads/KOMPAS EXIM/backend/src/middleware/auth.js:27:5
    at /Users/macbookair/Downloads/KOMPAS EXIM/backend/node_modules/jsonwebtoken/verify.js:261:12
    at getSecret (/Users/macbookair/Downloads/KOMPAS EXIM/backend/node_modules/jsonwebtoken/verify.js:97:14)
    at module.exports [as verify] (/Users/macbookair/Downloads/KOMPAS EXIM/backend/node_modules/jsonwebtoken/verify.js:101:10)
    at authenticateToken (/Users/macbookair/Downloads/KOMPAS EXIM/backend/src/middleware/auth.js:18:7)
    at Layer.handleRequest (/Users/macbookair/Downloads/KOMPAS EXIM/backend/node_modules/router/lib/layer.js:152:17)
    at next (/Users/macbookair/Downloads/KOMPAS EXIM/backend/node_modules/router/lib/route.js:157:13) {
  statusCode: 403,
  errorCode: 'AUTH_002',
  details: null
}
[0mGET /api/users/all [33m403[0m 5.718 ms - 66[0m
{"level":"INFO","timestamp":"2026-08-13T08:25:41.075Z","module":"APP","event":"REQUEST_STARTED","correlationId":"627a85d3-1d59-4c2a-97ba-2642739d102f","requestId":"627a85d3-1d59-4c2a-97ba-2642739d102f","transactionId":null,"userId":null,"method":"GET","url":"/api/tasks?level_otoritas=Supervisor&departemen=Import&userId=2"}
{"level":"INFO","timestamp":"2026-08-13T08:25:41.076Z","module":"APP","event":"AUTHENTICATION_SUCCESS","correlationId":"627a85d3-1d59-4c2a-97ba-2642739d102f","requestId":"627a85d3-1d59-4c2a-97ba-2642739d102f","transactionId":null,"userId":"SPV-IMP-01","role":"Supervisor","method":"GET","url":"/api/tasks?level_otoritas=Supervisor&departemen=Import&userId=2"}
{"level":"INFO","timestamp":"2026-08-13T08:25:41.076Z","module":"APP","event":"DEPARTMENT_AUTHORIZATION_APPLIED","correlationId":"627a85d3-1d59-4c2a-97ba-2642739d102f","requestId":"627a85d3-1d59-4c2a-97ba-2642739d102f","transactionId":null,"userId":"SPV-IMP-01","scopedDepartment":"Import"}
[0mGET /api/tasks?level_otoritas=Supervisor&departemen=Import&userId=2 [36m304[0m 1.874 ms - -[0m
{"level":"INFO","timestamp":"2026-08-13T08:25:41.078Z","module":"APP","event":"REQUEST_STARTED","correlationId":"db361560-e313-41c3-92ae-eff54def2a5f","requestId":"db361560-e313-41c3-92ae-eff54def2a5f","transactionId":null,"userId":null,"method":"GET","url":"/api/documents"}
{"level":"INFO","timestamp":"2026-08-13T08:25:41.080Z","module":"APP","event":"AUTHENTICATION_SUCCESS","correlationId":"db361560-e313-41c3-92ae-eff54def2a5f","requestId":"db361560-e313-41c3-92ae-eff54def2a5f","transactionId":null,"userId":"SPV-IMP-01","role":"Supervisor","method":"GET","url":"/api/documents"}
{"level":"INFO","timestamp":"2026-08-13T08:25:41.080Z","module":"APP","event":"DEPARTMENT_AUTHORIZATION_APPLIED","correlationId":"db361560-e313-41c3-92ae-eff54def2a5f","requestId":"db361560-e313-41c3-92ae-eff54def2a5f","transactionId":null,"userId":"SPV-IMP-01","scopedDepartment":"Import"}
[0mGET /api/documents [36m304[0m 2.695 ms - -[0m
[0mPOST /api/v1/login [32m200[0m 21.240 ms - 847[0m
{"level":"INFO","timestamp":"2026-08-13T08:29:02.398Z","module":"APP","event":"REQUEST_STARTED","correlationId":"b8de8e22-238e-4f72-80e0-41d70729fbbf","requestId":"b8de8e22-238e-4f72-80e0-41d70729fbbf","transactionId":null,"userId":null,"method":"GET","url":"/api/v1/control-tower/analytics"}
{"level":"INFO","timestamp":"2026-08-13T08:29:02.400Z","module":"APP","event":"AUTHENTICATION_SUCCESS","correlationId":"b8de8e22-238e-4f72-80e0-41d70729fbbf","requestId":"b8de8e22-238e-4f72-80e0-41d70729fbbf","transactionId":null,"userId":"SPV-IMP-01","role":"Supervisor","method":"GET","url":"/api/v1/control-tower/analytics"}
[0mGET /api/v1/control-tower/analytics [32m200[0m 17.744 ms - 715[0m
